\BOOKMARK [1][-]{section.1}{\376\377\137\025\212\000\377\032\170\024\172\166\122\250\147\072}{}% 1
\BOOKMARK [1][-]{section.2}{\376\377\145\271\154\325\377\032\000M\000i\000x\000t\000u\000r\000e\000-\000o\000f\000-\000M\000e\000m\000o\000r\000y\377\010\000M\000o\000M\377\011}{}% 2
\BOOKMARK [2][-]{subsection.2.1}{\376\377\122\250\147\072\377\032\147\011\165\114\000\040\000K\000V\000\040\230\204\173\227\116\013\166\204\225\177\116\012\116\013\145\207}{section.2}% 3
\BOOKMARK [2][-]{subsection.2.2}{\376\377\116\011\176\247\134\102\153\041\213\260\137\306\000\040\000L\0001\000\040\000/\000\040\000L\0002\000\040\000/\000\040\000L\0003}{section.2}% 4
\BOOKMARK [2][-]{subsection.2.3}{\376\377\150\070\137\303\213\276\213\241\116\000\377\032\120\037\222\164\000\040\000M\000o\000E\000\040\166\204\000\040\000t\000o\000p\000-\000k\000\040\172\000\165\217\215\357\165\061}{section.2}% 5
\BOOKMARK [2][-]{subsection.2.4}{\376\377\150\070\137\303\213\276\213\241\116\214\377\032\000j\000o\000i\000n\000t\000\040\000a\000t\000t\000e\000n\000t\000i\000o\000n\377\010\000K\000V\000-\000p\000r\000e\000p\000e\000n\000d\377\011}{section.2}% 6
\BOOKMARK [2][-]{subsection.2.5}{\376\377\137\142\137\017\123\026\377\032\215\357\165\061\060\001\213\373\121\231\060\001\000j\000o\000i\000n\000t\000\040\000a\000t\000t\000e\000n\000t\000i\000o\000n\000\040\116\016\213\255\176\303\166\356\150\007}{section.2}% 7
\BOOKMARK [1][-]{section.3}{\376\377\116\073\176\323\147\234\116\016\166\370\121\163\135\345\117\134\153\324\217\203}{}% 8
\BOOKMARK [2][-]{subsection.3.1}{\376\377\116\073\176\323\147\234\377\032\126\372\133\232\000\040\000K\000V\000\040\230\204\173\227\116\013\220\074\217\321\121\150\154\350\141\017\122\233}{section.3}% 9
\BOOKMARK [2][-]{subsection.3.2}{\376\377\116\016\135\362\147\011\213\260\137\306\130\236\137\072\135\345\117\134\166\204\153\324\217\203}{section.3}% 10
\BOOKMARK [1][-]{section.4}{\376\377\150\070\137\303\225\356\230\230\116\016\145\073\127\132\377\032\000r\000e\000a\000d\000o\000u\000t\000\040\164\366\230\210}{}% 11
\BOOKMARK [2][-]{subsection.4.1}{\376\377\213\312\145\255\377\032\040\034\121\231\137\227\217\333\377\014\213\373\116\015\121\306\040\035}{section.4}% 12
\BOOKMARK [2][-]{subsection.4.2}{\376\377\126\333\174\173\147\140\147\106}{section.4}% 13
\BOOKMARK [2][-]{subsection.4.3}{\376\377\121\163\225\056\176\323\147\234}{section.4}% 14
\BOOKMARK [2][-]{subsection.4.4}{\376\377\000L\000o\000n\000g\000B\000e\000n\000c\000h\000\040\167\037\133\236\225\177\145\207\150\143\377\032\200\375\122\233\177\072\131\061\133\232\117\115}{section.4}% 15
\BOOKMARK [2][-]{subsection.4.5}{\376\377\167\037\225\177\145\207\204\270\231\217\377\032\172\201\170\064\000\040\0001\0006\000k\000\040\225\177\172\013\131\051\202\261\147\177\377\010\147\000\145\260\176\323\147\234\377\011}{section.4}% 16
\BOOKMARK [1][-]{section.5}{\376\377\135\345\172\013\133\236\215\365\116\016\215\050\221\317\142\244\150\017}{}% 17
\BOOKMARK [1][-]{section.6}{\376\377\176\323\213\272\116\016\134\125\147\033}{}% 18
\BOOKMARK [1][-]{section.A}{\376\377\133\214\145\164\000\040\000W\0000\000\040\133\371\161\147\210\150\377\010\000B\000A\000B\000I\000L\000o\000n\000g\000\040\000q\000a\0005\377\014\000c\000h\000u\000n\000k\0005\0001\0002\377\014\0000\040\023\0003\0002\000k\377\011}{}% 19
\BOOKMARK [1][-]{section.B}{\376\377\000P\000G\0001\0009\000\040\167\037\225\177\145\207\204\270\231\217\116\016\145\073\000\040\0003\0002\000k\000\040\155\210\207\215\377\010\000B\000A\000B\000I\000L\000o\000n\000g\000\040\000q\000a\0005\377\014\000W\0000\377\011}{}% 20
\BOOKMARK [1][-]{section.C}{\376\377\000L\000o\000n\000g\000B\000e\000n\000c\000h\000\040\000W\0000\377\010\000F\0001\377\011\000v\000s\000\040\000b\000a\000s\000e\000\040\137\000\123\167\127\372\176\277}{}% 21
\BOOKMARK [1][-]{section.D}{\376\377\121\163\225\056\116\343\170\001\116\016\201\032\147\054}{}% 22
